# N=9
# BasisSize=140
E0 -6.4949999999999763e-01 0.000e+00
