    0    0    0    0  0.4573863210  0.0000000000
    0    1    0    1  0.5426136790  0.0000000000
    1    0    1    0  0.4348402196  0.0000000000
    1    1    1    1  0.5651597804  0.0000000000
    2    0    2    0  0.4719575633  0.0000000000
    2    1    2    1  0.5280424367  0.0000000000
    3    0    3    0  0.3897511779  0.0000000000
    3    1    3    1  0.6102488221  0.0000000000
    4    0    4    0  0.1747814550  0.0000000000
    4    1    4    1  0.8252185450  0.0000000000
    5    0    5    0  0.3153767160  0.0000000000
    5    1    5    1  0.6846232840  0.0000000000
    6    0    6    0  0.1528625012  0.0000000000
    6    1    6    1  0.8471374988  0.0000000000
    7    0    7    0  0.3903783254  0.0000000000
    7    1    7    1  0.6096216746  0.0000000000
    8    0    8    0  0.2126657207  0.0000000000
    8    1    8    1  0.7873342793  0.0000000000
